../Drivers/CMSIS/Include/core_cm3.h:1876:26:ITM_SendChar	16	static,ignoring_inline_asm
../Core/Src/main.c:82:5:main	32	static
../Core/Src/main.c:259:6:SystemClock_Config	72	static
../Core/Src/main.c:298:13:MX_CAN_Init	8	static
../Core/Src/main.c:335:13:MX_I2C1_Init	8	static
../Core/Src/main.c:369:13:MX_GPIO_Init	40	static
../Core/Src/main.c:403:5:__io_putchar	16	static
../Core/Src/main.c:409:6:delay	24	static
../Core/Src/main.c:418:6:setTxHeader	16	static
../Core/Src/main.c:427:6:HAL_CAN_RxFifo0MsgPendingCallback	72	static
../Core/Src/main.c:440:6:Error_Handler	4	static,ignoring_inline_asm
